// Jest Snapshot v1, https://goo.gl/fbAQLP

exports[`List is rendered properly 1`] = `
<div>
  <ul
    class="list"
  />
</div>
`;
